{"user":{
"pvList":[
{"id":1969,"acquirerId":1,"code":"041407261"},
{"id":1970,"acquirerId":1,"code":""},
{"id":1971,"acquirerId":1,"code":"000198927"},
{"id":1972,"acquirerId":1,"code":"033677530"},
{"id":1973,"acquirerId":1,"code":"007005962"},
{"id":1974,"acquirerId":1,"code":"010776001"},
{"id":1975,"acquirerId":1,"code":"012987638"},
{"id":1976,"acquirerId":1,"code":"016943309"},
{"id":1977,"acquirerId":1,"code":"035558709"},
{"id":1978,"acquirerId":1,"code":"033677662"},
{"id":1979,"acquirerId":1,"code":"037451839"},
{"id":1980,"acquirerId":1,"code":"002062003"},
{"id":1981,"acquirerId":1,"code":"000024295"},
{"id":1982,"acquirerId":1,"code":"033677492"},
{"id":1983,"acquirerId":1,"code":"010788441"},
{"id":1984,"acquirerId":1,"code":"011322080"},{"id":1985,"acquirerId":1,"code":"231300018"},{"id":1986,"acquirerId":1,"code":"010793917"},{"id":1987,"acquirerId":1,"code":"001624202"},{"id":1988,"acquirerId":1,"code":"001624458"},{"id":1989,"acquirerId":1,"code":"021963908"},{"id":1990,"acquirerId":1,"code":"011322098"},{"id":1991,"acquirerId":1,"code":"013209930"},{"id":1992,"acquirerId":1,"code":"001624679"},{"id":1993,"acquirerId":1,"code":"037904175"},{"id":1994,"acquirerId":1,"code":"010703098"},{"id":1995,"acquirerId":1,"code":"965100014"},{"id":1996,"acquirerId":1,"code":"011116242"},{"id":1997,"acquirerId":1,"code":"011285788"},{"id":1998,"acquirerId":1,"code":"010788700"},{"id":1999,"acquirerId":1,"code":"043459587"},{"id":2000,"acquirerId":1,"code":"037502603"},{"id":2001,"acquirerId":1,"code":"010789057"},{"id":2002,"acquirerId":1,"code":"010793178"},{"id":2003,"acquirerId":1,"code":"001416634"},{"id":2004,"acquirerId":1,"code":"001624768"},{"id":2005,"acquirerId":1,"code":"010703128"},{"id":2006,"acquirerId":1,"code":"009181954"},{"id":2007,"acquirerId":1,"code":"010478507"},{"id":2008,"acquirerId":1,"code":"012020885"},{"id":2009,"acquirerId":1,"code":"033678677"},{"id":2010,"acquirerId":1,"code":"000160016"},{"id":2011,"acquirerId":1,"code":"000110612"},{"id":2012,"acquirerId":1,"code":"000111520"},{"id":2013,"acquirerId":1,"code":"000182435"},{"id":2014,"acquirerId":1,"code":"033679100"},{"id":2015,"acquirerId":1,"code":"000221309"},{"id":2016,"acquirerId":1,"code":"033677557"},{"id":2017,"acquirerId":1,"code":"011351659"},{"id":2018,"acquirerId":1,"code":"000224677"},{"id":2019,"acquirerId":1,"code":"009480218"},{"id":2020,"acquirerId":1,"code":"020679459"},{"id":2021,"acquirerId":1,"code":"009931422"},{"id":2022,"acquirerId":1,"code":"011496800"},{"id":2023,"acquirerId":1,"code":"014036363"},{"id":2024,"acquirerId":1,"code":"033677581"},{"id":2025,"acquirerId":1,"code":"000307670"},{"id":2026,"acquirerId":1,"code":"011373822"},{"id":2027,"acquirerId":1,"code":"050034057"},{"id":2028,"acquirerId":1,"code":"050008889"},{"id":2029,"acquirerId":1,"code":"026606399"},{"id":2030,"acquirerId":1,"code":"014367467"},{"id":2031,"acquirerId":1,"code":"005561264"},{"id":2032,"acquirerId":1,"code":"022313516"},{"id":2033,"acquirerId":1,"code":"050065203"},{"id":2034,"acquirerId":1,"code":"033677409"},{"id":2035,"acquirerId":1,"code":"000001457"},{"id":2036,"acquirerId":1,"code":"003633713"},{"id":2037,"acquirerId":1,"code":"010254200"},{"id":2038,"acquirerId":1,"code":"037346040"},{"id":2039,"acquirerId":1,"code":"033678871"},{"id":2040,"acquirerId":1,"code":"033678880"},{"id":2041,"acquirerId":1,"code":"025321757"},{"id":2042,"acquirerId":1,"code":"000003298"},{"id":2043,"acquirerId":1,"code":"009428941"},{"id":2044,"acquirerId":1,"code":"000021792"},{"id":2045,"acquirerId":1,"code":"033677417"},{"id":2046,"acquirerId":1,"code":"002607727"},{"id":2047,"acquirerId":1,"code":"027154696"},{"id":2048,"acquirerId":1,"code":"040656586"},{"id":2049,"acquirerId":1,"code":"009155031"},{"id":2050,"acquirerId":1,"code":"037567349"},{"id":2051,"acquirerId":1,"code":"027454126"},{"id":2052,"acquirerId":1,"code":"009155090"},{"id":2053,"acquirerId":1,"code":"021128049"},{"id":2054,"acquirerId":1,"code":"021128073"},{"id":2055,"acquirerId":1,"code":"
021598444"},{"id":2056,"acquirerId":1,"code":"023222611"},{"id":2057,"acquirerId":1,"code":"024884871"},{"id":2058,"acquirerId":1,"code":"025819437"},{"id":2059,"acquirerId":1,"code":"028915607"},{"id":2060,"acquirerId":1,"code":"033949042"},{"id":2061,"acquirerId":1,"code":"035695102"},{"id":2062,"acquirerId":1,"code":"025321935"},{"id":2063,"acquirerId":1,"code":"014664321"},{"id":2064,"acquirerId":1,"code":"000221066"},{"id":2065,"acquirerId":1,"code":"000381950"},{"id":2066,"acquirerId":1,"code":"009693424"},{"id":2067,"acquirerId":1,"code":"019052014"},{"id":2068,"acquirerId":1,"code":"021305021"},{"id":2069,"acquirerId":1,"code":"023809442"},{"id":2070,"acquirerId":1,"code":"035836466"},{"id":2071,"acquirerId":1,"code":"000052248"},{"id":2072,"acquirerId":1,"code":"025321773"},{"id":2073,"acquirerId":1,"code":"000148601"},{"id":2074,"acquirerId":1,"code":"001254405"},{"id":2075,"acquirerId":1,"code":"015131858"},{"id":2076,"acquirerId":1,"code":"000000213"},{"id":2077,"acquirerId":1,"code":"000025100"},{"id":2078,"acquirerId":1,"code":"000224391"},{"id":2079,"acquirerId":1,"code":"033722056"},{"id":2080,"acquirerId":1,"code":"033753733"},{"id":2081,"acquirerId":1,"code":"034166513"},{"id":2082,"acquirerId":1,"code":"027856607"},{"id":2083,"acquirerId":1,"code":"011858974"},{"id":2084,"acquirerId":1,"code":"015050173"},{"id":2085,"acquirerId":1,"code":"020162936"},{"id":2086,"acquirerId":1,"code":"027152863"},{"id":2087,"acquirerId":1,"code":"011859024"},{"id":2088,"acquirerId":1,"code":"011859040"},{"id":2089,"acquirerId":1,"code":"012541052"},{"id":2090,"acquirerId":1,"code":"022483640"},{"id":2091,"acquirerId":1,"code":"029127858"},{"id":2092,"acquirerId":1,"code":"008960569"},{"id":2093,"acquirerId":1,"code":"020603223"},{"id":2094,"acquirerId":1,"code":"018909280"},{"id":2095,"acquirerId":1,"code":"009843760"},{"id":2096,"acquirerId":1,"code":"009786031"},{"id":2097,"acquirerId":1,"code":"010420240"},{"id":2098,"acquirerId":1,"code":"009693572"},{"id":2099,"acquirerId":1,"code":"009825150"},{"id":2100,"acquirerId":1,"code":"009693548"},{"id":2101,"acquirerId":1,"code":"009841822"},{"id":2102,"acquirerId":1,"code":"009822054"},{"id":2103,"acquirerId":1,"code":"009786040"},{"id":2104,"acquirerId":1,"code":"009849360"},{"id":2105,"acquirerId":1,"code":"012730106"},{"id":2106,"acquirerId":1,"code":"010483420"},{"id":2107,"acquirerId":1,"code":"009825258"},{"id":2108,"acquirerId":1,"code":"009885889"},{"id":2109,"acquirerId":1,"code":"009709797"},{"id":2110,"acquirerId":1,"code":"014874890"},{"id":2111,"acquirerId":1,"code":"015442691"},{"id":2112,"acquirerId":1,"code":"013373030"},{"id":2113,"acquirerId":1,"code":"009810030"},{"id":2114,"acquirerId":1,"code":"009849351"},{"id":2115,"acquirerId":1,"code":"020603088"},{"id":2116,"acquirerId":1,"code":"009825193"},{"id":2117,"acquirerId":1,"code":"010140557"},{"id":2118,"acquirerId":1,"code":"010344004"},{"id":2119,"acquirerId":1,"code":"009825100"},{"id":2120,"acquirerId":1,"code":"009851100"},{"id":2121,"acquirerId":1,"code":"009822160"},{"id":2122,"acquirerId":1,"code":"012656208"},{"id":2123,"acquirerId":1,"code":"009892583"},{"id":2124,"acquirerId":1,"code":"014874806"},{"id":2125,"acquirerId":1,"code":"009693564"},{"id":2126,"acquirerId":1,"code":"009771824"},{"id":2127,"acquirerId":1,"code":"018909388"},{"id":2128,"acquirerId":1,"code":"009822208"},{"id":2129,"acquirerId":1,"code":"014875250"},{"id":2130,"acquirerId":1,"code":"009834362"},{"id":2131,"acquirerId":1,"code":"012292176"},{"id":2132,"acquirerId":1,"code":"009892575"},{"id":2133,"acquirerId":1,"code":"009834427"},{"id":2134,"acquirerId":1,"code":"009822151"},{"id":2135,"acquirerId":1,"code":"009771778"},{"id":2136,"acquirerId":1,"code":"014571790"},{"id":2137,"acquirerId":1,"code":"012730076"},{"id":2138,"acquirerId":1,"code":"011276312"},{"id":2139,"acquirerId":1,"code":"009693521"},{"id":2140,"acquirerId":1,"code":"009739696"},{"id":2141,"acquirerId":1,"code":"015462153"},{"id":2142,"acquirerId":1,"code"
:"009834460"},{"id":2143,"acquirerId":1,"code":"009836497"},{"id":2144,"acquirerId":1,"code":"009834419"},{"id":2145,"acquirerId":1,"code":"009693599"},{"id":2146,"acquirerId":1,"code":"009825177"},{"id":2147,"acquirerId":1,"code":"009802592"},{"id":2148,"acquirerId":1,"code":"015462307"},{"id":2149,"acquirerId":1,"code":"012779075"},{"id":2150,"acquirerId":1,"code":"010535187"},{"id":2151,"acquirerId":1,"code":"009834443"},{"id":2152,"acquirerId":1,"code":"011939338"},{"id":2153,"acquirerId":1,"code":"013373161"},{"id":2154,"acquirerId":1,"code":"014594056"},{"id":2155,"acquirerId":1,"code":"015467503"},{"id":2156,"acquirerId":1,"code":"009693491"},{"id":2157,"acquirerId":1,"code":"009825312"},{"id":2158,"acquirerId":1,"code":"020114788"},{"id":2159,"acquirerId":1,"code":"009849378"},{"id":2160,"acquirerId":1,"code":"011391251"},{"id":2161,"acquirerId":1,"code":"011386754"},{"id":2162,"acquirerId":1,"code":"009809910"},{"id":2163,"acquirerId":1,"code":"009915133"},{"id":2164,"acquirerId":1,"code":"013784072"},{"id":2165,"acquirerId":1,"code":"009915150"},{"id":2166,"acquirerId":1,"code":"010420223"},{"id":2167,"acquirerId":1,"code":"009851127"},{"id":2168,"acquirerId":1,"code":"010353305"},{"id":2169,"acquirerId":1,"code":"010420274"},{"id":2170,"acquirerId":1,"code":"010730931"},{"id":2171,"acquirerId":1,"code":"009836446"},{"id":2172,"acquirerId":1,"code":"009822119"},{"id":2173,"acquirerId":1,"code":"009739661"},{"id":2174,"acquirerId":1,"code":"015982890"},{"id":2175,"acquirerId":1,"code":"009810170"},{"id":2176,"acquirerId":1,"code":"009693505"},{"id":2177,"acquirerId":1,"code":"009849394"},{"id":2178,"acquirerId":1,"code":"011099364"},{"id":2179,"acquirerId":1,"code":"009893725"},{"id":2180,"acquirerId":1,"code":"032428260"},{"id":2181,"acquirerId":1,"code":"032827822"},{"id":2182,"acquirerId":1,"code":"033924414"},{"id":2183,"acquirerId":1,"code":"032827687"},{"id":2184,"acquirerId":1,"code":"010140611"},{"id":2185,"acquirerId":1,"code":"011940654"},{"id":2186,"acquirerId":1,"code":"010143220"},{"id":2187,"acquirerId":1,"code":"010483314"},{"id":2188,"acquirerId":1,"code":"010143130"},{"id":2189,"acquirerId":1,"code":"012375250"},{"id":2190,"acquirerId":1,"code":"010483632"},{"id":2191,"acquirerId":1,"code":"011602120"},{"id":2192,"acquirerId":1,"code":"010859977"},{"id":2193,"acquirerId":1,"code":"010140697"},{"id":2194,"acquirerId":1,"code":"010143203"},{"id":2195,"acquirerId":1,"code":"010143165"},{"id":2196,"acquirerId":1,"code":"012071323"},{"id":2197,"acquirerId":1,"code":"010712615"},{"id":2198,"acquirerId":1,"code":"017303761"},{"id":2199,"acquirerId":1,"code":"020115598"},{"id":2200,"acquirerId":1,"code":"018909353"},{"id":2201,"acquirerId":1,"code":"018738915"},{"id":2202,"acquirerId":1,"code":"018738893"},{"id":2203,"acquirerId":1,"code":"018738850"},{"id":2204,"acquirerId":1,"code":"018598617"},{"id":2205,"acquirerId":1,"code":"017303940"},{"id":2206,"acquirerId":1,"code":"020114753"},{"id":2207,"acquirerId":1,"code":"020115652"},{"id":2208,"acquirerId":1,"code":"018628753"},{"id":2209,"acquirerId":1,"code":"018907369"},{"id":2210,"acquirerId":1,"code":"018931421"},{"id":2211,"acquirerId":1,"code":"018907431"},{"id":2212,"acquirerId":1,"code":"018931545"},{"id":2213,"acquirerId":1,"code":"018907520"},{"id":2214,"acquirerId":1,"code":"018930824"},{"id":2215,"acquirerId":1,"code":"018931472"},{"id":2216,"acquirerId":1,"code":"019701977"},{"id":2217,"acquirerId":1,"code":"020321872"},{"id":2218,"acquirerId":1,"code":"020603258"},{"id":2219,"acquirerId":1,"code":"020897332"},{"id":2220,"acquirerId":1,"code":"020329440"},{"id":2221,"acquirerId":1,"code":"020784643"},{"id":2222,"acquirerId":1,"code":"020941307"},{"id":2223,"acquirerId":1,"code":"020413092"},{"id":2224,"acquirerId":1,"code":"021161178"},{"id":2225,"acquirerId":1,"code":"021781940"},{"id":2226,"acquirerId":1,"code":"022132376"},{"id":2227,"acquirerId":1,"code":"022218190"},{"id":2228,"acquirerId":1,"code":"022218068"},{"id":2229,"acquirerId":1,"cod
e":"021403562"},{"id":2230,"acquirerId":1,"code":"022228802"},{"id":2231,"acquirerId":1,"code":"022218262"},{"id":2232,"acquirerId":1,"code":"022217797"},{"id":2233,"acquirerId":1,"code":"022132422"},{"id":2234,"acquirerId":1,"code":"022218009"},{"id":2235,"acquirerId":1,"code":"022132350"},{"id":2236,"acquirerId":1,"code":"022217908"},{"id":2237,"acquirerId":1,"code":"021403589"},{"id":2238,"acquirerId":1,"code":"022217835"},{"id":2239,"acquirerId":1,"code":"021781893"},{"id":2240,"acquirerId":1,"code":"022217720"},{"id":2241,"acquirerId":1,"code":"022218130"},{"id":2242,"acquirerId":1,"code":"022217770"},{"id":2243,"acquirerId":1,"code":"021781869"},{"id":2244,"acquirerId":1,"code":"022217886"},{"id":2245,"acquirerId":1,"code":"022218327"},{"id":2246,"acquirerId":1,"code":"021161372"},{"id":2247,"acquirerId":1,"code":"022218300"},{"id":2248,"acquirerId":1,"code":"022082107"},{"id":2249,"acquirerId":1,"code":"021803455"},{"id":2250,"acquirerId":1,"code":"022217819"},{"id":2251,"acquirerId":1,"code":"021781923"},{"id":2252,"acquirerId":1,"code":"022217746"},{"id":2253,"acquirerId":1,"code":"022082158"},{"id":2254,"acquirerId":1,"code":"022855807"},{"id":2255,"acquirerId":1,"code":"026097451"},{"id":2256,"acquirerId":1,"code":"027138739"},{"id":2257,"acquirerId":1,"code":"026062879"},{"id":2258,"acquirerId":1,"code":"025163906"},{"id":2259,"acquirerId":1,"code":"023142561"},{"id":2260,"acquirerId":1,"code":"024365009"},{"id":2261,"acquirerId":1,"code":"023185929"},{"id":2262,"acquirerId":1,"code":"029151376"},{"id":2263,"acquirerId":1,"code":"029024781"},{"id":2264,"acquirerId":1,"code":"026491192"},{"id":2265,"acquirerId":1,"code":"023185953"},{"id":2266,"acquirerId":1,"code":"029151430"},{"id":2267,"acquirerId":1,"code":"025152513"},{"id":2268,"acquirerId":1,"code":"024360180"}
],
"token":"eyJhbGciOiJSUzI1NiIsInR5cCI6IkpXVCJ9.eyJpc3MiOiJhdXRoZW50aWNhdGlvbi1zZXJ2ZXIiLCJ1c3VhcmlvIjp7IkVtYWlsIjoiZ3VzdGF2by5zaWx2YUBpdGVyaXMuY29tLmJyIiwiU2VuaGEiOm51bGwsIk5vbWUiOiJHdXN0YXZvIFNvYXJlcyBkYSBTaWx2YSAtIEdTViJ9fQ.QeVSX4bjP7BLd8OFBpm9Wjfthvq_pZN3YE9Il2zSs_OButV6HyvVvpdYv07VzfXKIgB7vade3kch3RgUxdqz6owbsvXJDCQsEf12Z-ulb3l6aN1hfTj99_vI_nUvYFvMo67pKcut6st8TfhSenE0UqyfXjsQTXTFc13RFwK9LwAEyIKKZ4Y7_RnF69UaxOg3UgNS7PR2qExQxYIdTQGXLACh2Y2xmSJqadzMNHUpmKShQHAEVKLbyywunbI9J1yYP95SxrNMPwju5zamPzgxk0CPqIqi_GlGMTMR_XDimuuGdssGX9IXw3kn7C4N77LskWAjOs0RZ9xsurhfaB6ry","login":"dany@gmail.com"}}
